mode: set
github.com/Print-and-Panic/Hyrule-Hub/internal/emulator/retroarch/retroarch.go:29.37,30.19 1 0
github.com/Print-and-Panic/Hyrule-Hub/internal/emulator/retroarch/retroarch.go:30.19,32.3 1 0
github.com/Print-and-Panic/Hyrule-Hub/internal/emulator/retroarch/retroarch.go:34.2,35.16 2 0
github.com/Print-and-Panic/Hyrule-Hub/internal/emulator/retroarch/retroarch.go:35.16,37.3 1 0
github.com/Print-and-Panic/Hyrule-Hub/internal/emulator/retroarch/retroarch.go:38.2,39.16 2 0
github.com/Print-and-Panic/Hyrule-Hub/internal/emulator/retroarch/retroarch.go:39.16,41.3 1 0
github.com/Print-and-Panic/Hyrule-Hub/internal/emulator/retroarch/retroarch.go:43.2,46.16 3 0
github.com/Print-and-Panic/Hyrule-Hub/internal/emulator/retroarch/retroarch.go:46.16,48.3 1 0
github.com/Print-and-Panic/Hyrule-Hub/internal/emulator/retroarch/retroarch.go:52.2,55.44 3 0
github.com/Print-and-Panic/Hyrule-Hub/internal/emulator/retroarch/retroarch.go:55.44,58.3 2 0
github.com/Print-and-Panic/Hyrule-Hub/internal/emulator/retroarch/retroarch.go:58.8,58.52 1 0
github.com/Print-and-Panic/Hyrule-Hub/internal/emulator/retroarch/retroarch.go:58.52,61.3 2 0
github.com/Print-and-Panic/Hyrule-Hub/internal/emulator/retroarch/retroarch.go:61.8,65.3 2 0
github.com/Print-and-Panic/Hyrule-Hub/internal/emulator/retroarch/retroarch.go:67.2,67.30 1 0
github.com/Print-and-Panic/Hyrule-Hub/internal/emulator/retroarch/retroarch.go:67.30,69.3 1 0
github.com/Print-and-Panic/Hyrule-Hub/internal/emulator/retroarch/retroarch.go:71.2,72.12 2 0
github.com/Print-and-Panic/Hyrule-Hub/internal/emulator/retroarch/retroarch.go:75.40,77.19 1 0
github.com/Print-and-Panic/Hyrule-Hub/internal/emulator/retroarch/retroarch.go:77.19,79.3 1 0
github.com/Print-and-Panic/Hyrule-Hub/internal/emulator/retroarch/retroarch.go:80.2,81.12 2 0
github.com/Print-and-Panic/Hyrule-Hub/internal/emulator/retroarch/retroarch.go:84.72,86.16 2 0
github.com/Print-and-Panic/Hyrule-Hub/internal/emulator/retroarch/retroarch.go:86.16,88.3 1 0
github.com/Print-and-Panic/Hyrule-Hub/internal/emulator/retroarch/retroarch.go:90.2,109.33 5 0
github.com/Print-and-Panic/Hyrule-Hub/internal/emulator/retroarch/retroarch.go:109.33,112.3 2 0
github.com/Print-and-Panic/Hyrule-Hub/internal/emulator/retroarch/retroarch.go:114.2,114.17 1 0
github.com/Print-and-Panic/Hyrule-Hub/internal/emulator/retroarch/retroarch.go:117.96,122.16 4 0
github.com/Print-and-Panic/Hyrule-Hub/internal/emulator/retroarch/retroarch.go:122.16,124.3 1 0
github.com/Print-and-Panic/Hyrule-Hub/internal/emulator/retroarch/retroarch.go:126.2,134.16 4 0
github.com/Print-and-Panic/Hyrule-Hub/internal/emulator/retroarch/retroarch.go:134.16,136.3 1 0
github.com/Print-and-Panic/Hyrule-Hub/internal/emulator/retroarch/retroarch.go:138.2,141.26 3 0
github.com/Print-and-Panic/Hyrule-Hub/internal/emulator/retroarch/retroarch.go:141.26,143.3 1 0
github.com/Print-and-Panic/Hyrule-Hub/internal/emulator/retroarch/retroarch.go:145.2,152.16 5 0
github.com/Print-and-Panic/Hyrule-Hub/internal/emulator/retroarch/retroarch.go:152.16,154.3 1 0
github.com/Print-and-Panic/Hyrule-Hub/internal/emulator/retroarch/retroarch.go:156.2,157.46 2 0
github.com/Print-and-Panic/Hyrule-Hub/internal/emulator/retroarch/retroarch.go:157.46,159.3 1 0
github.com/Print-and-Panic/Hyrule-Hub/internal/emulator/retroarch/retroarch.go:161.2,161.12 1 0
github.com/Print-and-Panic/Hyrule-Hub/internal/emulator/retroarch/retroarch.go:164.75,171.6 4 0
github.com/Print-and-Panic/Hyrule-Hub/internal/emulator/retroarch/retroarch.go:171.6,172.10 1 0
github.com/Print-and-Panic/Hyrule-Hub/internal/emulator/retroarch/retroarch.go:173.18,174.90 1 0
github.com/Print-and-Panic/Hyrule-Hub/internal/emulator/retroarch/retroarch.go:175.11,179.18 3 0
github.com/Print-and-Panic/Hyrule-Hub/internal/emulator/retroarch/retroarch.go:179.18,182.5 2 0
github.com/Print-and-Panic/Hyrule-Hub/internal/emulator/retroarch/retroarch.go:184.4,189.56 4 0
github.com/Print-and-Panic/Hyrule-Hub/internal/emulator/retroarch/retroarch.go:189.56,192.25 1 0
github.com/Print-and-Panic/Hyrule-Hub/internal/emulator/retroarch/retroarch.go:196.4,198.24 3 0
github.com/Print-and-Panic/Hyrule-Hub/internal/emulator/retroarch/retroarch.go:203.2,210.86 6 0
github.com/Print-and-Panic/Hyrule-Hub/internal/emulator/retroarch/retroarch.go:210.86,212.3 1 0
github.com/Print-and-Panic/Hyrule-Hub/internal/emulator/retroarch/retroarch.go:214.2,214.12 1 0
github.com/Print-and-Panic/Hyrule-Hub/internal/emulator/retroarch/retroarch.go:217.47,222.90 3 0
github.com/Print-and-Panic/Hyrule-Hub/internal/emulator/retroarch/retroarch.go:222.90,224.3 1 0
github.com/Print-and-Panic/Hyrule-Hub/internal/emulator/retroarch/retroarch.go:226.2,229.89 3 0
github.com/Print-and-Panic/Hyrule-Hub/internal/emulator/retroarch/retroarch.go:229.89,231.3 1 0
github.com/Print-and-Panic/Hyrule-Hub/internal/emulator/retroarch/retroarch.go:233.2,233.12 1 0
github.com/Print-and-Panic/Hyrule-Hub/internal/emulator/retroarch/retroarch.go:236.53,238.2 1 0
github.com/Print-and-Panic/Hyrule-Hub/internal/emulator/retroarch/retroarch.go:240.75,241.17 1 0
github.com/Print-and-Panic/Hyrule-Hub/internal/emulator/retroarch/retroarch.go:241.17,243.3 1 0
github.com/Print-and-Panic/Hyrule-Hub/internal/emulator/retroarch/retroarch.go:245.2,254.6 7 0
github.com/Print-and-Panic/Hyrule-Hub/internal/emulator/retroarch/retroarch.go:254.6,256.17 2 0
github.com/Print-and-Panic/Hyrule-Hub/internal/emulator/retroarch/retroarch.go:256.17,257.9 1 0
github.com/Print-and-Panic/Hyrule-Hub/internal/emulator/retroarch/retroarch.go:261.2,261.53 1 0
github.com/Print-and-Panic/Hyrule-Hub/internal/emulator/retroarch/retroarch.go:261.53,263.3 1 0
github.com/Print-and-Panic/Hyrule-Hub/internal/emulator/retroarch/retroarch.go:265.2,266.16 2 0
github.com/Print-and-Panic/Hyrule-Hub/internal/emulator/retroarch/retroarch.go:266.16,268.3 1 0
github.com/Print-and-Panic/Hyrule-Hub/internal/emulator/retroarch/retroarch.go:271.2,273.16 3 0
github.com/Print-and-Panic/Hyrule-Hub/internal/emulator/retroarch/retroarch.go:273.16,275.3 1 0
github.com/Print-and-Panic/Hyrule-Hub/internal/emulator/retroarch/retroarch.go:276.2,280.54 3 0
github.com/Print-and-Panic/Hyrule-Hub/internal/emulator/retroarch/retroarch.go:280.54,282.3 1 0
github.com/Print-and-Panic/Hyrule-Hub/internal/emulator/retroarch/retroarch.go:284.2,284.22 1 0
github.com/Print-and-Panic/Hyrule-Hub/internal/emulator/retroarch/retroarch.go:284.22,286.3 1 0
github.com/Print-and-Panic/Hyrule-Hub/internal/emulator/retroarch/retroarch.go:288.2,289.36 2 0
github.com/Print-and-Panic/Hyrule-Hub/internal/emulator/retroarch/retroarch.go:289.36,291.3 1 0
github.com/Print-and-Panic/Hyrule-Hub/internal/emulator/retroarch/retroarch.go:294.2,295.22 2 0
github.com/Print-and-Panic/Hyrule-Hub/internal/emulator/retroarch/retroarch.go:295.22,297.17 2 0
github.com/Print-and-Panic/Hyrule-Hub/internal/emulator/retroarch/retroarch.go:297.17,299.4 1 0
github.com/Print-and-Panic/Hyrule-Hub/internal/emulator/retroarch/retroarch.go:300.3,300.21 1 0
github.com/Print-and-Panic/Hyrule-Hub/internal/emulator/retroarch/retroarch.go:303.2,303.17 1 0
github.com/Print-and-Panic/Hyrule-Hub/internal/emulator/retroarch/retroarch.go:306.66,308.25 2 0
github.com/Print-and-Panic/Hyrule-Hub/internal/emulator/retroarch/retroarch.go:308.25,310.3 1 0
github.com/Print-and-Panic/Hyrule-Hub/internal/emulator/retroarch/retroarch.go:312.2,321.6 7 0
github.com/Print-and-Panic/Hyrule-Hub/internal/emulator/retroarch/retroarch.go:321.6,323.17 2 0
github.com/Print-and-Panic/Hyrule-Hub/internal/emulator/retroarch/retroarch.go:323.17,324.9 1 0
github.com/Print-and-Panic/Hyrule-Hub/internal/emulator/retroarch/retroarch.go:328.2,329.16 2 0
github.com/Print-and-Panic/Hyrule-Hub/internal/emulator/retroarch/retroarch.go:329.16,331.3 1 0
github.com/Print-and-Panic/Hyrule-Hub/internal/emulator/retroarch/retroarch.go:334.2,337.16 4 0
github.com/Print-and-Panic/Hyrule-Hub/internal/emulator/retroarch/retroarch.go:337.16,339.3 1 0
github.com/Print-and-Panic/Hyrule-Hub/internal/emulator/retroarch/retroarch.go:341.2,341.12 1 0
github.com/Print-and-Panic/Hyrule-Hub/internal/emulator/retroarch/retroarch.go:344.68,348.28 2 0
github.com/Print-and-Panic/Hyrule-Hub/internal/emulator/retroarch/retroarch.go:348.28,350.3 1 0
github.com/Print-and-Panic/Hyrule-Hub/internal/emulator/retroarch/retroarch.go:352.2,352.36 1 0
github.com/Print-and-Panic/Hyrule-Hub/internal/emulator/retroarch/retroarch.go:352.36,358.3 3 0
github.com/Print-and-Panic/Hyrule-Hub/internal/emulator/retroarch/retroarch.go:360.2,364.46 3 0
github.com/Print-and-Panic/Hyrule-Hub/internal/emulator/retroarch/retroarch.go:370.38,373.36 1 0
github.com/Print-and-Panic/Hyrule-Hub/internal/emulator/retroarch/retroarch.go:373.36,375.3 1 0
github.com/Print-and-Panic/Hyrule-Hub/internal/emulator/retroarch/retroarch.go:376.2,376.13 1 0
github.com/Print-and-Panic/Hyrule-Hub/main.go:24.13,27.16 3 0
github.com/Print-and-Panic/Hyrule-Hub/main.go:27.16,29.3 1 0
github.com/Print-and-Panic/Hyrule-Hub/main.go:31.2,34.44 3 0
github.com/Print-and-Panic/Hyrule-Hub/main.go:34.44,36.3 1 0
github.com/Print-and-Panic/Hyrule-Hub/main.go:37.2,40.45 3 0
github.com/Print-and-Panic/Hyrule-Hub/main.go:40.45,42.3 1 0
github.com/Print-and-Panic/Hyrule-Hub/main.go:43.2,55.39 7 0
github.com/Print-and-Panic/Hyrule-Hub/main.go:55.39,57.3 1 0
github.com/Print-and-Panic/Hyrule-Hub/main.go:59.2,59.44 1 0
github.com/Print-and-Panic/Hyrule-Hub/internal/emulator/mock.go:17.38,21.2 1 0
github.com/Print-and-Panic/Hyrule-Hub/internal/emulator/mock.go:23.40,25.2 1 0
github.com/Print-and-Panic/Hyrule-Hub/internal/emulator/mock.go:27.43,29.2 1 0
github.com/Print-and-Panic/Hyrule-Hub/internal/emulator/mock.go:31.80,36.36 4 0
github.com/Print-and-Panic/Hyrule-Hub/internal/emulator/mock.go:36.36,38.3 1 0
github.com/Print-and-Panic/Hyrule-Hub/internal/emulator/mock.go:39.2,39.20 1 0
github.com/Print-and-Panic/Hyrule-Hub/internal/emulator/mock.go:42.71,46.25 3 0
github.com/Print-and-Panic/Hyrule-Hub/internal/emulator/mock.go:46.25,48.3 1 0
github.com/Print-and-Panic/Hyrule-Hub/internal/emulator/mock.go:49.2,49.12 1 0
github.com/Print-and-Panic/Hyrule-Hub/internal/emulator/mock.go:52.75,54.2 1 0
github.com/Print-and-Panic/Hyrule-Hub/internal/emulator/mock.go:56.99,68.27 5 0
github.com/Print-and-Panic/Hyrule-Hub/internal/emulator/mock.go:68.27,70.3 1 0
github.com/Print-and-Panic/Hyrule-Hub/internal/emulator/mock.go:72.2,72.42 1 0
github.com/Print-and-Panic/Hyrule-Hub/internal/emulator/mock.go:72.42,74.3 1 0
github.com/Print-and-Panic/Hyrule-Hub/internal/emulator/mock.go:77.2,79.12 3 0
github.com/Print-and-Panic/Hyrule-Hub/internal/emulator/mock.go:82.78,91.2 6 0
github.com/Print-and-Panic/Hyrule-Hub/internal/emulator/mock.go:93.71,95.2 1 0
github.com/Print-and-Panic/Hyrule-Hub/internal/engine/engine.go:68.95,81.2 3 1
github.com/Print-and-Panic/Hyrule-Hub/internal/engine/engine.go:83.51,90.6 5 0
github.com/Print-and-Panic/Hyrule-Hub/internal/engine/engine.go:90.6,91.10 1 0
github.com/Print-and-Panic/Hyrule-Hub/internal/engine/engine.go:92.21,94.14 2 0
github.com/Print-and-Panic/Hyrule-Hub/internal/engine/engine.go:95.19,96.78 1 0
github.com/Print-and-Panic/Hyrule-Hub/internal/engine/engine.go:96.78,98.30 2 0
github.com/Print-and-Panic/Hyrule-Hub/internal/engine/engine.go:98.30,100.6 1 0
github.com/Print-and-Panic/Hyrule-Hub/internal/engine/engine.go:103.5,108.15 5 0
github.com/Print-and-Panic/Hyrule-Hub/internal/engine/engine.go:108.15,111.6 2 0
github.com/Print-and-Panic/Hyrule-Hub/internal/engine/engine.go:114.5,114.47 1 0
github.com/Print-and-Panic/Hyrule-Hub/internal/engine/engine.go:114.47,117.6 2 0
github.com/Print-and-Panic/Hyrule-Hub/internal/engine/engine.go:120.5,125.31 5 0
github.com/Print-and-Panic/Hyrule-Hub/internal/engine/engine.go:128.4,128.18 1 0
github.com/Print-and-Panic/Hyrule-Hub/internal/engine/engine.go:128.18,130.5 1 0
github.com/Print-and-Panic/Hyrule-Hub/internal/engine/engine.go:137.59,140.12 2 0
github.com/Print-and-Panic/Hyrule-Hub/internal/engine/engine.go:140.12,141.7 1 0
github.com/Print-and-Panic/Hyrule-Hub/internal/engine/engine.go:141.7,142.11 1 0
github.com/Print-and-Panic/Hyrule-Hub/internal/engine/engine.go:143.22,144.11 1 0
github.com/Print-and-Panic/Hyrule-Hub/internal/engine/engine.go:145.30,146.57 1 0
github.com/Print-and-Panic/Hyrule-Hub/internal/engine/engine.go:146.57,148.6 1 0
github.com/Print-and-Panic/Hyrule-Hub/internal/engine/engine.go:153.2,153.6 1 0
github.com/Print-and-Panic/Hyrule-Hub/internal/engine/engine.go:153.6,154.10 1 0
github.com/Print-and-Panic/Hyrule-Hub/internal/engine/engine.go:155.21,157.10 2 0
github.com/Print-and-Panic/Hyrule-Hub/internal/engine/engine.go:158.39,165.11 5 0
github.com/Print-and-Panic/Hyrule-Hub/internal/engine/engine.go:166.28,166.28 0 0
github.com/Print-and-Panic/Hyrule-Hub/internal/engine/engine.go:167.12,168.87 1 0
github.com/Print-and-Panic/Hyrule-Hub/internal/engine/engine.go:174.59,175.6 1 0
github.com/Print-and-Panic/Hyrule-Hub/internal/engine/engine.go:175.6,176.10 1 0
github.com/Print-and-Panic/Hyrule-Hub/internal/engine/engine.go:177.21,179.10 2 0
github.com/Print-and-Panic/Hyrule-Hub/internal/engine/engine.go:180.39,189.37 7 0
github.com/Print-and-Panic/Hyrule-Hub/internal/engine/engine.go:196.36,198.16 2 1
github.com/Print-and-Panic/Hyrule-Hub/internal/engine/engine.go:198.16,199.25 1 1
github.com/Print-and-Panic/Hyrule-Hub/internal/engine/engine.go:199.25,201.4 1 1
github.com/Print-and-Panic/Hyrule-Hub/internal/engine/engine.go:202.3,202.13 1 0
github.com/Print-and-Panic/Hyrule-Hub/internal/engine/engine.go:205.2,206.56 2 0
github.com/Print-and-Panic/Hyrule-Hub/internal/engine/engine.go:206.56,208.3 1 0
github.com/Print-and-Panic/Hyrule-Hub/internal/engine/engine.go:210.2,213.46 3 0
github.com/Print-and-Panic/Hyrule-Hub/internal/engine/engine.go:213.46,215.3 1 0
github.com/Print-and-Panic/Hyrule-Hub/internal/engine/engine.go:216.2,216.46 1 0
github.com/Print-and-Panic/Hyrule-Hub/internal/engine/engine.go:216.46,218.3 1 0
github.com/Print-and-Panic/Hyrule-Hub/internal/engine/engine.go:219.2,219.33 1 0
github.com/Print-and-Panic/Hyrule-Hub/internal/engine/engine.go:219.33,221.3 1 0
github.com/Print-and-Panic/Hyrule-Hub/internal/engine/engine.go:222.2,222.12 1 0
github.com/Print-and-Panic/Hyrule-Hub/internal/engine/engine.go:225.42,228.39 2 0
github.com/Print-and-Panic/Hyrule-Hub/internal/engine/engine.go:228.39,230.3 1 0
github.com/Print-and-Panic/Hyrule-Hub/internal/engine/engine.go:231.2,231.39 1 0
github.com/Print-and-Panic/Hyrule-Hub/internal/engine/engine.go:231.39,233.3 1 0
github.com/Print-and-Panic/Hyrule-Hub/internal/engine/engine.go:234.2,238.16 4 0
github.com/Print-and-Panic/Hyrule-Hub/internal/engine/engine.go:238.16,240.3 1 0
github.com/Print-and-Panic/Hyrule-Hub/internal/engine/engine.go:242.2,245.50 2 0
github.com/Print-and-Panic/Hyrule-Hub/internal/engine/engine.go:248.44,249.27 1 0
github.com/Print-and-Panic/Hyrule-Hub/internal/engine/engine.go:249.27,251.3 1 0
github.com/Print-and-Panic/Hyrule-Hub/internal/engine/engine.go:252.2,252.98 1 0
github.com/Print-and-Panic/Hyrule-Hub/internal/mqtt/mock_mqtt.go:13.30,19.2 1 0
github.com/Print-and-Panic/Hyrule-Hub/internal/mqtt/mock_mqtt.go:21.36,23.2 1 0
github.com/Print-and-Panic/Hyrule-Hub/internal/mqtt/mock_mqtt.go:25.39,27.2 1 0
github.com/Print-and-Panic/Hyrule-Hub/internal/mqtt/mock_mqtt.go:29.65,32.2 2 0
github.com/Print-and-Panic/Hyrule-Hub/internal/mqtt/mock_mqtt.go:34.69,36.2 1 0
github.com/Print-and-Panic/Hyrule-Hub/internal/mqtt/mock_mqtt.go:38.67,40.2 1 0
github.com/Print-and-Panic/Hyrule-Hub/internal/mqtt/mock_mqtt.go:42.65,44.2 1 0
github.com/Print-and-Panic/Hyrule-Hub/internal/mqtt/mqtt.go:22.76,36.2 5 0
github.com/Print-and-Panic/Hyrule-Hub/internal/mqtt/mqtt.go:38.38,39.71 1 0
github.com/Print-and-Panic/Hyrule-Hub/internal/mqtt/mqtt.go:39.71,41.3 1 0
github.com/Print-and-Panic/Hyrule-Hub/internal/mqtt/mqtt.go:44.2,45.103 2 0
github.com/Print-and-Panic/Hyrule-Hub/internal/mqtt/mqtt.go:45.103,47.3 1 0
github.com/Print-and-Panic/Hyrule-Hub/internal/mqtt/mqtt.go:50.2,51.103 2 0
github.com/Print-and-Panic/Hyrule-Hub/internal/mqtt/mqtt.go:51.103,53.3 1 0
github.com/Print-and-Panic/Hyrule-Hub/internal/mqtt/mqtt.go:55.2,55.12 1 0
github.com/Print-and-Panic/Hyrule-Hub/internal/mqtt/mqtt.go:58.41,61.2 2 0
github.com/Print-and-Panic/Hyrule-Hub/internal/mqtt/mqtt.go:65.67,70.16 3 0
github.com/Print-and-Panic/Hyrule-Hub/internal/mqtt/mqtt.go:70.16,72.3 1 0
github.com/Print-and-Panic/Hyrule-Hub/internal/mqtt/mqtt.go:75.2,79.22 3 0
github.com/Print-and-Panic/Hyrule-Hub/internal/mqtt/mqtt.go:82.71,87.16 4 0
github.com/Print-and-Panic/Hyrule-Hub/internal/mqtt/mqtt.go:87.16,89.3 1 0
github.com/Print-and-Panic/Hyrule-Hub/internal/mqtt/mqtt.go:92.2,94.22 3 0
github.com/Print-and-Panic/Hyrule-Hub/internal/mqtt/mqtt.go:99.75,101.61 2 0
github.com/Print-and-Panic/Hyrule-Hub/internal/mqtt/mqtt.go:101.61,104.3 2 0
github.com/Print-and-Panic/Hyrule-Hub/internal/mqtt/mqtt.go:106.2,106.20 1 0
github.com/Print-and-Panic/Hyrule-Hub/internal/mqtt/mqtt.go:109.75,111.63 2 0
github.com/Print-and-Panic/Hyrule-Hub/internal/mqtt/mqtt.go:111.63,114.3 2 0
github.com/Print-and-Panic/Hyrule-Hub/internal/mqtt/mqtt.go:115.2,115.22 1 0
github.com/Print-and-Panic/Hyrule-Hub/internal/mqtt/mqtt.go:120.69,122.2 1 0
github.com/Print-and-Panic/Hyrule-Hub/internal/mqtt/mqtt.go:124.67,126.2 1 0
github.com/Print-and-Panic/Hyrule-Hub/internal/randomizer/coop_context.go:21.53,23.26 2 0
github.com/Print-and-Panic/Hyrule-Hub/internal/randomizer/coop_context.go:23.26,25.3 1 0
github.com/Print-and-Panic/Hyrule-Hub/internal/randomizer/coop_context.go:26.2,26.15 1 0
github.com/Print-and-Panic/Hyrule-Hub/internal/randomizer/coop_context.go:29.35,31.2 1 0
github.com/Print-and-Panic/Hyrule-Hub/internal/randomizer/coop_context.go:35.13,71.2 1 0
github.com/Print-and-Panic/Hyrule-Hub/internal/randomizer/items.go:17.39,19.2 1 0
github.com/Print-and-Panic/Hyrule-Hub/internal/randomizer/items.go:23.34,25.2 1 0
github.com/Print-and-Panic/Hyrule-Hub/internal/randomizer/items_list.go:5.13,305.2 1 0
github.com/Print-and-Panic/Hyrule-Hub/internal/randomizer/oot_characters.go:20.41,25.21 2 0
github.com/Print-and-Panic/Hyrule-Hub/internal/randomizer/oot_characters.go:25.21,27.3 1 0
github.com/Print-and-Panic/Hyrule-Hub/internal/randomizer/oot_characters.go:30.2,30.28 1 0
github.com/Print-and-Panic/Hyrule-Hub/internal/randomizer/oot_characters.go:30.28,31.13 1 0
github.com/Print-and-Panic/Hyrule-Hub/internal/randomizer/oot_characters.go:31.13,32.9 1 0
github.com/Print-and-Panic/Hyrule-Hub/internal/randomizer/oot_characters.go:34.3,34.42 1 0
github.com/Print-and-Panic/Hyrule-Hub/internal/randomizer/oot_characters.go:34.42,36.4 1 0
github.com/Print-and-Panic/Hyrule-Hub/internal/randomizer/oot_characters.go:36.9,38.4 1 0
github.com/Print-and-Panic/Hyrule-Hub/internal/randomizer/oot_characters.go:40.2,40.12 1 0
github.com/Print-and-Panic/Hyrule-Hub/internal/server/server.go:14.42,16.3 1 0
github.com/Print-and-Panic/Hyrule-Hub/internal/server/server.go:29.72,33.16 2 0
github.com/Print-and-Panic/Hyrule-Hub/internal/server/server.go:33.16,35.3 1 0
github.com/Print-and-Panic/Hyrule-Hub/internal/server/server.go:37.2,48.12 7 0
github.com/Print-and-Panic/Hyrule-Hub/internal/server/server.go:48.12,49.59 1 0
github.com/Print-and-Panic/Hyrule-Hub/internal/server/server.go:49.59,51.4 1 0
github.com/Print-and-Panic/Hyrule-Hub/internal/server/server.go:53.2,53.24 1 0
github.com/Print-and-Panic/Hyrule-Hub/internal/server/server.go:58.71,59.54 1 0
github.com/Print-and-Panic/Hyrule-Hub/internal/server/server.go:59.54,61.17 2 0
github.com/Print-and-Panic/Hyrule-Hub/internal/server/server.go:61.17,64.4 2 0
github.com/Print-and-Panic/Hyrule-Hub/internal/server/server.go:65.3,67.7 2 0
github.com/Print-and-Panic/Hyrule-Hub/internal/server/server.go:67.7,69.18 2 0
github.com/Print-and-Panic/Hyrule-Hub/internal/server/server.go:69.18,70.10 1 0
github.com/Print-and-Panic/Hyrule-Hub/internal/server/server.go:73.4,73.44 1 0
github.com/Print-and-Panic/Hyrule-Hub/internal/server/server.go:73.44,75.60 2 0
github.com/Print-and-Panic/Hyrule-Hub/internal/server/server.go:75.60,78.6 1 0
